osys1000@Cathy-virtual-machine:~$ echo

osys1000@Cathy-virtual-machine:~$ cal
    January 2019      
Su Mo Tu We Th Fr Sa  
       1  2  3  4  5  
 6  7  8  9 10 11 12  
13 14 15 16 17 18 19  
20 21 22 23 24 25 26  
27 28 29 30 31        
                      
osys1000@Cathy-virtual-machine:~$ whatis
whatis what?
osys1000@Cathy-virtual-machine:~$ mkdir
mkdir: missing operand
Try 'mkdir --help' for more information.
osys1000@Cathy-virtual-machine:~$ rmdir
rmdir: missing operand
Try 'rmdir --help' for more information.
osys1000@Cathy-virtual-machine:~$ script Cathy_exercise2.txt
Script started, file is Cathy_exercise2.txt
osys1000@Cathy-virtual-machine:~$ echo

osys1000@Cathy-virtual-machine:~$ cal
    January 2019      
Su Mo Tu We Th Fr Sa  
       1  2  3  4  5  
 6  7  8  9 10 11 12  
13 14 15 16 17 18 19  
20 21 22 23 24 25 26  
27 28 29 30 31        
                      
osys1000@Cathy-virtual-machine:~$ mkdir
mkdir: missing operand
Try 'mkdir --help' for more information.
osys1000@Cathy-virtual-machine:~$ mkdir --help
Usage: mkdir [OPTION]... DIRECTORY...
Create the DIRECTORY(ies), if they do not already exist.

Mandatory arguments to long options are mandatory for short options too.
  -m, --mode=MODE   set file mode (as in chmod), not a=rwx - umask
  -p, --parents     no error if existing, make parent directories as needed
  -v, --verbose     print a message for each created directory
  -Z                   set SELinux security context of each created directory
                         to the default type
      --context[=CTX]  like -Z, or if CTX is specified then set the SELinux
                         or SMACK security context to CTX
      --help     display this help and exit
      --version  output version information and exit

GNU coreutils online help: <http://www.gnu.org/software/coreutils/>
Full documentation at: <http://www.gnu.org/software/coreutils/mkdir>
or available locally via: info '(coreutils) mkdir invocation'
osys1000@Cathy-virtual-machine:~$ whatis
whatis what?
osys1000@Cathy-virtual-machine:~$ whatis echo
echo (1)             - display a line of text
osys1000@Cathy-virtual-machine:~$ echo

osys1000@Cathy-virtual-machine:~$ whatis rmdir
rmdir (1)            - remove empty directories
rmdir (2)            - delete a directory
osys1000@Cathy-virtual-machine:~$ exit
exit
Script done, file is Cathy_exercise2.txt
osys1000@Cathy-virtual-machine:~$ cat Cathy_exercise2.txt 
Script started on 2019-01-16 08:11:56-0500
osys1000@Cathy-virtual-machine:~$ echo

osys1000@Cathy-virtual-machine:~$ cal
    January 2019      
Su Mo Tu We Th Fr Sa  
       1  2  3  4  5  
 6  7  8  9 10 11 12  
13 14 15 16 17 18 19  
20 21 22 23 24 25 26  
27 28 29 30 31        
                      
osys1000@Cathy-virtual-machine:~$ mkdir
mkdir: missing operand
Try 'mkdir --help' for more information.
osys1000@Cathy-virtual-machine:~$ mkdir --help
Usage: mkdir [OPTION]... DIRECTORY...
Create the DIRECTORY(ies), if they do not already exist.

Mandatory arguments to long options are mandatory for short options too.
  -m, --mode=MODE   set file mode (as in chmod), not a=rwx - umask
  -p, --parents     no error if existing, make parent directories as needed
  -v, --verbose     print a message for each created directory
  -Z                   set SELinux security context of each created directory
                         to the default type
      --context[=CTX]  like -Z, or if CTX is specified then set the SELinux
                         or SMACK security context to CTX
      --help     display this help and exit
      --version  output version information and exit

GNU coreutils online help: <http://www.gnu.org/software/coreutils/>
Full documentation at: <http://www.gnu.org/software/coreutils/mkdir>
or available locally via: info '(coreutils) mkdir invocation'
osys1000@Cathy-virtual-machine:~$ whatis
whatis what?
osys1000@Cathy-virtual-machine:~$ whatis echo
echo (1)             - display a line of text
osys1000@Cathy-virtual-machine:~$ echo

osys1000@Cathy-virtual-machine:~$ whatis rmdir
rmdir (1)            - remove empty directories
rmdir (2)            - delete a directory
osys1000@Cathy-virtual-machine:~$ exit
exit

Script done on 2019-01-16 08:13:49-0500
osys1000@Cathy-virtual-machine:~$ 
